// Jest Snapshot v1, https://goo.gl/fbAQLP

exports[`<CustomButton /> should render without issues 1`] = `ShallowWrapper {}`;
