// Jest Snapshot v1, https://goo.gl/fbAQLP

exports[`<CustomSlider/> should render without issues 1`] = `ShallowWrapper {}`;
