// Jest Snapshot v1, https://goo.gl/fbAQLP

exports[`<HeaderText/> should render without issues 1`] = `ShallowWrapper {}`;
