// Jest Snapshot v1, https://goo.gl/fbAQLP

exports[`<LandingComp/> should render without issues 1`] = `ShallowWrapper {}`;
