// Jest Snapshot v1, https://goo.gl/fbAQLP

exports[`<ModalContainer/> should render without issues 1`] = `ShallowWrapper {}`;
