// Jest Snapshot v1, https://goo.gl/fbAQLP

exports[`<NoteComponent/> should render without issues 1`] = `ShallowWrapper {}`;
